>>> add_integer = __import__('0-add_integer').add_integer
>>> print(add_integer(1, 2))
3
>>> print(add_integer(0, 1))
1
>>> print(add_integer("1", 2))
Traceback (most recent call last):
    ...
TypeError: a must be an integer
>>> print(add_integer(1.2, 1.5))
2
>>> print(add_integer(0.5, 1.5))
1
>>> print(add_integer(10, [1]))
Traceback (most recent call last):
    ...
TypeError: b must be an integer
>>> print(add_integer(10, ))
108
>>> print(add_integer()) # doctest: +ELLIPSIS, +IGNORE_EXCEPTION_DETAIL
Traceback (most recent call last):
    ...
TypeError:
